=== ERbeta (CHEMBL242) ===
CHEMBL242: 결합 assay 활성 8839건

  1000/8839  누적 1000
  2000/8839  누적 2000
  3000/8839  누적 3000
  4000/8839  누적 4000
  5000/8839  누적 5000
  6000/8839  누적 6000
  7000/8839  누적 7000
  8000/8839  누적 8000
  8839/8839  누적 8839

8839/8839건 저장 -> chembl_ERbeta_raw.json
=== ERRgamma (CHEMBL4245) ===
CHEMBL4245: 결합 assay 활성 843건

  843/843  누적 843

843/843건 저장 -> chembl_ERRgamma_raw.json
=== AR (CHEMBL1871) ===
CHEMBL1871: 결합 assay 활성 10429건

  1000/10429  누적 1000
  2000/10429  누적 2000
  3000/10429  누적 3000
  4000/10429  누적 4000
  5000/10429  누적 5000
  6000/10429  누적 6000
  7000/10429  누적 7000
  8000/10429  누적 8000
  9000/10429  누적 9000
  10000/10429  누적 10000
  10429/10429  누적 10429

10429/10429건 저장 -> chembl_AR_raw.json
=== PR (CHEMBL208) ===
CHEMBL208: 결합 assay 활성 4559건

  1000/4559  누적 1000
  2000/4559  누적 2000
  3000/4559  누적 3000
  4000/4559  누적 4000
  4559/4559  누적 4559

4559/4559건 저장 -> chembl_PR_raw.json
THRbeta 이미 있음
=== GR (CHEMBL2034) ===
CHEMBL2034: 결합 assay 활성 13399건

  1000/13399  누적 1000
  2000/13399  누적 2000
  3000/13399  누적 3000
  4000/13399  누적 4000
  5000/13399  누적 5000
  6000/13399  누적 6000
  7000/13399  누적 7000
  8000/13399  누적 8000
  9000/13399  누적 9000
  10000/13399  누적 10000
  11000/13399  누적 11000
  12000/13399  누적 12000
  13000/13399  누적 13000
  13399/13399  누적 13399

13399/13399건 저장 -> chembl_GR_raw.json
