ERbeta 이미 있음
ERRgamma 이미 있음
AR 이미 있음
PR 이미 있음
=== THRbeta (CHEMBL1947) ===
CHEMBL1947: 결합 assay 활성 1287건

  1000/1287  누적 1000
  1287/1287  누적 1287

1287/1287건 저장 -> chembl_THRbeta_raw.json
=== GR (CHEMBL2034) ===
CHEMBL2034: 결합 assay 활성 13399건

  1000/13399  누적 1000
  2000/13399  누적 2000
  3000/13399  누적 3000
  4000/13399  누적 4000
  5000/13399  누적 5000
  6000/13399  누적 6000
  7000/13399  누적 7000
  8000/13399  누적 8000
  9000/13399  누적 9000
  10000/13399  누적 10000
  11000/13399  누적 11000
  12000/13399  누적 12000
  13000/13399  누적 13000
  13399/13399  누적 13399

13399/13399건 저장 -> chembl_GR_raw.json
PPARgamma 이미 있음
=== RXRalpha (CHEMBL2061) ===
CHEMBL2061: 결합 assay 활성 4704건

  1000/4704  누적 1000
  2000/4704  누적 2000
  3000/4704  누적 3000
  4000/4704  누적 4000
  4704/4704  누적 4704

4704/4704건 저장 -> chembl_RXRalpha_raw.json
ALL RECEPTORS DONE
